// Jest Snapshot v1, https://goo.gl/fbAQLP

exports[`SignUpWithEmailForm match snapshot 1`] = `
<div>
  <form>
    <div
      class="mb-12 space-y-4"
    >
      <div
        class="flex flex-col gap-2"
      >
        <label
          class="input-label"
          for="Email"
        >
          Email
           
          <span
            class="text-red-primary"
          >
            *
          </span>
        </label>
        <div
          class="relative"
        >
          <input
            class="input  input-lg  pr-10 "
            id="Email"
            name="email"
            placeholder="input.placeholder.email"
            required=""
            type="email"
          />
          <div
            class="absolute-y-center absolute right-[14px] flex items-center gap-2"
          >
            <button
              class="btn btn-secondary btn-xs btn-rounded"
              type="button"
            >
              auth.sign-up.button.request-auth-code
            </button>
          </div>
        </div>
      </div>
      <div
        class="flex flex-col gap-2"
      >
        <label
          class="input-label"
          for="input.label.password"
        >
          input.label.password
           
          <span
            class="text-red-primary"
          >
            *
          </span>
        </label>
        <div
          class="relative"
        >
          <input
            class="input  input-lg  pr-10 "
            id="input.label.password"
            name="password"
            placeholder="input.placeholder.password"
            required=""
            type="password"
          />
          <div
            class="absolute-y-center absolute right-[14px] flex items-center gap-2"
          />
        </div>
      </div>
      <div
        class="flex flex-col gap-2"
      >
        <label
          class="input-label"
          for="input.label.confirm-password"
        >
          input.label.confirm-password
           
          <span
            class="text-red-primary"
          >
            *
          </span>
        </label>
        <div
          class="relative"
        >
          <input
            class="input  input-lg  pr-10 "
            id="input.label.confirm-password"
            name="confirmPassword"
            placeholder="input.placeholder.confirm-password"
            required=""
            type="password"
          />
          <div
            class="absolute-y-center absolute right-[14px] flex items-center gap-2"
          />
        </div>
      </div>
    </div>
    <div
      class="flex flex-col gap-2"
    >
      <button
        class="btn btn-lg btn-primary"
        disabled=""
        type="submit"
      >
        button.sign-up
      </button>
      <button
        class="btn btn-lg btn-secondary"
        type="button"
      >
        button.back
      </button>
    </div>
  </form>
  <div
    style="position: fixed; z-index: 9999; top: 16px; left: 16px; right: 16px; bottom: 16px; pointer-events: none;"
  />
</div>
`;
