// Jest Snapshot v1, https://goo.gl/fbAQLP

exports[`ResetPasswordWithEmailForm match snapshot 1`] = `
<div>
  <div
    class="flex flex-col gap-6"
  >
    <div
      class="flex items-center justify-between"
    >
      <h1
        class="font-20-bold"
      >
        main.profile.profile-info
      </h1>
      <button
        class="btn btn-md btn-primary min-w-[120px]"
        disabled=""
        form="profileInfo"
      >
        button.save
      </button>
    </div>
    <hr />
    <form
      class="flex flex-col gap-6"
      id="profileInfo"
    >
      <div
        class="flex flex-col gap-2"
      >
        <label
          class="input-label"
          for="Email"
        >
          Email
           
        </label>
        <div
          class="relative"
        >
          <input
            class="input  input-md  pr-10 "
            disabled=""
            id="Email"
            placeholder=""
            value="Dudley_Kassulke@hotmail.com"
          />
          <div
            class="absolute-y-center absolute right-[14px] flex items-center gap-2"
          />
        </div>
      </div>
      <div
        class="flex flex-col gap-2"
      >
        <label
          class="input-label"
          for="main.profile.label.user-type"
        >
          main.profile.label.user-type
           
        </label>
        <div
          class="relative"
        >
          <input
            class="input  input-md  pr-10 "
            disabled=""
            id="main.profile.label.user-type"
            placeholder=""
            value="GENERAL"
          />
          <div
            class="absolute-y-center absolute right-[14px] flex items-center gap-2"
          />
        </div>
      </div>
      <div
        class="flex flex-col gap-2"
      >
        <label
          class="input-label"
          for="Name"
        >
          Name
           
        </label>
        <div
          class="relative"
        >
          <input
            class="input  input-md  pr-10 "
            id="Name"
            name="name"
            placeholder="main.profile.placeholder.name"
          />
          <div
            class="absolute-y-center absolute right-[14px] flex items-center gap-2"
          />
        </div>
      </div>
      <div
        class="flex flex-col gap-2"
      >
        <label
          class="input-label"
          for="Department"
        >
          Department
           
        </label>
        <div
          class="relative"
        >
          <input
            class="input  input-md  pr-10 "
            id="Department"
            name="department"
            placeholder="main.profile.placeholder.department"
          />
          <div
            class="absolute-y-center absolute right-[14px] flex items-center gap-2"
          />
        </div>
      </div>
    </form>
  </div>
  <div
    style="position: fixed; z-index: 9999; top: 16px; left: 16px; right: 16px; bottom: 16px; pointer-events: none;"
  />
</div>
`;
