// Jest Snapshot v1, https://goo.gl/fbAQLP

exports[`SignInWithEmailButton snapshot renders 1`] = `
<div>
  <button
    class="btn btn-lg btn-primary"
    form="sign-in-with-email-form"
    type="submit"
  >
    button.sign-in
  </button>
  <div
    style="position: fixed; z-index: 9999; top: 16px; left: 16px; right: 16px; bottom: 16px; pointer-events: none;"
  />
</div>
`;
