// Jest Snapshot v1, https://goo.gl/fbAQLP

exports[`MainIndexPage should render without crashing 1`] = `
<div>
  <div
    class="min-w-[960px]"
  >
    <header
      class="relative flex h-[48px] items-center justify-between px-4"
    >
      <div
        class="flex flex-1 items-center gap-6"
      >
        <a
          class="flex cursor-pointer items-center gap-1"
          href="/auth/sign-in"
        >
          <img
            alt="logo"
            data-nimg="1"
            decoding="async"
            height="24"
            loading="lazy"
            src="/assets/images/logo.svg"
            style="color: transparent;"
            width="24"
          />
          <svg
            class="inline-block h-[24px] w-[123px]"
            height="24"
            width="24"
          />
        </a>
        <div
          class="flex items-center gap-2"
        >
          <div
            class="flex items-center gap-2"
          >
            <div
              class="bg-fill-tertiary inline-flex rounded-sm p-1.5"
            >
              <svg
                class="inline-block text-secondary"
                height="12"
                width="12"
              />
            </div>
            <span
              class="font-12-regular"
            />
          </div>
        </div>
      </div>
      <div
        class="flex items-center gap-2 self-stretch"
      >
        <div
          class="relative"
          data-headlessui-state=""
        >
          <button
            aria-expanded="false"
            aria-haspopup="listbox"
            class="btn btn-sm btn-secondary min-w-0 px-2"
            data-headlessui-state=""
            id="headlessui-listbox-button-:r2:"
            type="button"
          >
            <svg
              class="inline-block mr-1"
              height="16"
              width="16"
            />
            <span
              class="font-12-bold uppercase"
            />
          </button>
        </div>
        <button
          class="icon-btn icon-btn-sm icon-btn-secondary"
        >
          <svg
            class="inline-block text-primary"
            height="24"
            width="24"
          />
        </button>
      </div>
    </header>
    <div
      class="flex min-h-[calc(100vh-48px)] items-stretch"
    >
      <main
        class="mx-4 my-6 w-full overflow-x-auto"
      >
        <div
          class="mx-4 my-2 flex flex-col gap-8"
        >
          <section>
            <h1
              class="font-24-bold mb-4"
            >
              Tenant
            </h1>
            <div
              class="card h-[204px] w-[452px] rounded border p-8"
            >
              <div
                class="mb-10 flex gap-5"
              >
                <div
                  class="flex h-10 w-10 items-center justify-center rounded"
                  style="background-color: rgb(93, 123, 231);"
                >
                  <svg
                    class="inline-block text-inverse"
                    height="20"
                    width="20"
                  />
                </div>
                <div
                  class="flex-1"
                >
                  <p
                    class="font-16-bold mb-1"
                  />
                  <p
                    class="font-12-regular text-secondary line-clamp-1 break-all"
                  >
                    -
                  </p>
                </div>
              </div>
              <div
                class="flex gap-16"
              >
                <div>
                  <p
                    class="font-12-regular mb-1"
                  >
                    main.index.total-project
                  </p>
                  <p
                    class="font-24-bold"
                  >
                    0
                  </p>
                </div>
                <div>
                  <p
                    class="font-12-regular mb-1"
                  >
                    main.index.total-feedback
                  </p>
                  <p
                    class="font-24-bold"
                  >
                    0
                  </p>
                </div>
              </div>
            </div>
          </section>
          <section>
            <h1
              class="font-24-bold mb-4"
            >
              Project
            </h1>
            <div
              class="flex flex-wrap gap-4"
            >
              <div
                class="border-fill-tertiary flex h-[204px] w-[452px] flex-col items-center justify-center rounded border"
              >
                <button
                  class="btn btn-lg btn-primary w-[200px] gap-2"
                  data-state="closed"
                  disabled=""
                >
                  <svg
                    class="inline-block text-inverse"
                    height="24"
                    width="24"
                  />
                  main.index.create-project
                </button>
              </div>
            </div>
          </section>
        </div>
      </main>
    </div>
  </div>
  <div
    style="position: fixed; z-index: 9999; top: 16px; left: 16px; right: 16px; bottom: 16px; pointer-events: none;"
  />
</div>
`;
