// Jest Snapshot v1, https://goo.gl/fbAQLP

exports[`MainIndexPage should render without crashing 1`] = `
<div>
  <div
    class="min-w-[960px]"
  >
    <header
      class="relative flex h-[48px] items-center justify-between px-4"
    >
      <div
        class="flex flex-1 items-center gap-6"
      >
        <a
          class="flex cursor-pointer items-center gap-1"
          href="/auth/sign-in"
        >
          <img
            alt="logo"
            data-nimg="1"
            decoding="async"
            height="24"
            loading="lazy"
            src="/assets/images/logo.svg"
            style="color: transparent;"
            width="24"
          />
          <div
            class="inline-block h-[24px] w-[123px]"
            height="24"
            width="24"
          />
        </a>
        <div
          class="flex items-center gap-2"
        >
          <div
            class="flex items-center gap-2"
          >
            <div
              class="bg-fill-tertiary inline-flex rounded-sm p-1.5"
            >
              <div
                class="inline-block text-secondary"
                height="12"
                width="12"
              />
            </div>
            <span
              class="font-12-regular"
            />
          </div>
        </div>
      </div>
      <div
        class="flex items-center gap-2 self-stretch"
      >
        <div
          class="relative"
          data-headlessui-state=""
        >
          <button
            aria-expanded="false"
            aria-haspopup="listbox"
            class="btn btn-sm btn-secondary min-w-0 px-2"
            data-headlessui-state=""
            id="headlessui-listbox-button-:r2:"
            type="button"
          >
            <div
              class="inline-block mr-1"
              height="16"
              width="16"
            />
            <span
              class="font-12-bold uppercase"
            />
          </button>
        </div>
        <button
          class="icon-btn icon-btn-sm icon-btn-secondary"
        >
          <div
            class="inline-block text-primary"
            height="24"
            width="24"
          />
        </button>
      </div>
    </header>
    <div
      class="flex min-h-[calc(100vh-48px)] items-stretch"
    >
      <main
        class="mx-4 my-6 w-full overflow-x-auto"
      >
        <section
          class="flex h-full flex-col"
        >
          <h1
            class="font-24-bold mb-4"
          >
            main.profile.title
            <button
              class="ml-1 align-middle"
              data-state="closed"
            >
              <div
                class="inline-block text-tertiary"
                height="16"
                width="16"
              />
            </button>
          </h1>
          <div
            class="flex flex-1 items-stretch gap-4"
          >
            <div
              class="card w-[400px]"
            >
              <ul>
                <li
                  class="mx-1 my-2 flex items-center gap-2 rounded px-2 py-1.5 bg-fill-tertiary hover:bg-fill-secondary cursor-pointer"
                >
                  <div
                    class="inline-block "
                    height="20"
                    width="20"
                  />
                  <span
                    class="font-12-regular"
                  >
                    main.profile.profile-info
                  </span>
                </li>
                <li
                  class="mx-1 my-2 flex items-center gap-2 rounded px-2 py-1.5 hover:bg-fill-secondary cursor-pointer"
                >
                  <div
                    class="inline-block "
                    height="20"
                    width="20"
                  />
                  <span
                    class="font-12-regular"
                  >
                    main.profile.change-password
                  </span>
                </li>
              </ul>
            </div>
            <div
              class="card flex-1"
            />
          </div>
        </section>
      </main>
    </div>
  </div>
  <div
    style="position: fixed; z-index: 9999; top: 16px; left: 16px; right: 16px; bottom: 16px; pointer-events: none;"
  />
</div>
`;
