// Jest Snapshot v1, https://goo.gl/fbAQLP

exports[`Reset Password Page snapshot test 1`] = `
<div>
  <div
    class="min-w-[960px]"
  >
    <header
      class="relative flex h-[48px] items-center justify-between px-4"
    >
      <div
        class="flex flex-1 items-center gap-6"
      >
        <a
          class="flex cursor-pointer items-center gap-1"
          href="/auth/sign-in"
        >
          <img
            alt="logo"
            data-nimg="1"
            decoding="async"
            height="24"
            loading="lazy"
            src="/assets/images/logo.svg"
            style="color: transparent;"
            width="24"
          />
          <svg
            class="inline-block h-[24px] w-[123px]"
            height="24"
            width="24"
          />
        </a>
        <div
          class="flex items-center gap-2"
        >
          <div
            class="flex items-center gap-2"
          >
            <div
              class="bg-fill-tertiary inline-flex rounded-sm p-1.5"
            >
              <svg
                class="inline-block text-secondary"
                height="12"
                width="12"
              />
            </div>
            <span
              class="font-12-regular"
            />
          </div>
        </div>
      </div>
      <div
        class="flex items-center gap-2 self-stretch"
      >
        <div
          class="relative"
          data-headlessui-state=""
        >
          <button
            aria-expanded="false"
            aria-haspopup="listbox"
            class="btn btn-sm btn-secondary min-w-0 px-2"
            data-headlessui-state=""
            id="headlessui-listbox-button-:r2:"
            type="button"
          >
            <svg
              class="inline-block mr-1"
              height="16"
              width="16"
            />
            <span
              class="font-12-bold uppercase"
            />
          </button>
        </div>
        <button
          class="icon-btn icon-btn-sm icon-btn-secondary"
        >
          <svg
            class="inline-block text-primary"
            height="24"
            width="24"
          />
        </button>
      </div>
    </header>
    <div
      class="bg-primary border-fill-secondary absolute left-1/2 top-1/2 min-w-[440px] -translate-x-1/2 -translate-y-1/2 rounded border p-8"
    >
       
      <div
        class="relative"
      >
        <div
          class="mb-12"
        >
          <div
            class="mb-2 flex gap-0.5"
          >
            <img
              alt="logo"
              data-nimg="1"
              decoding="async"
              height="12"
              loading="lazy"
              src="/assets/images/logo.svg"
              style="color: transparent;"
              width="12"
            />
            <svg
              class="inline-block h-[12px] w-[62px]"
              height="24"
              width="24"
            />
          </div>
          <h1
            class="font-24-bold"
          >
            link.user-invitation.title
          </h1>
        </div>
        <form>
          <div
            class="mb-6 space-y-4"
          >
            <div
              class="flex flex-col gap-2"
            >
              <label
                class="input-label"
                for="Email"
              >
                Email
                 
              </label>
              <div
                class="relative"
              >
                <input
                  class="input  input-md  pr-10 "
                  disabled=""
                  id="Email"
                  placeholder=""
                  type="email"
                  value=""
                />
                <div
                  class="absolute-y-center absolute right-[14px] flex items-center gap-2"
                />
              </div>
            </div>
            <div
              class="flex flex-col gap-2"
            >
              <label
                class="input-label"
                for="input.label.password"
              >
                input.label.password
                 
                <span
                  class="text-red-primary"
                >
                  *
                </span>
              </label>
              <div
                class="relative"
              >
                <input
                  class="input  input-md  pr-10 "
                  id="input.label.password"
                  name="password"
                  placeholder="input.placeholder.password"
                  required=""
                  type="password"
                />
                <div
                  class="absolute-y-center absolute right-[14px] flex items-center gap-2"
                >
                  <svg
                    class="inline-block text-blue-primary"
                    height="20"
                    width="20"
                  />
                </div>
              </div>
            </div>
            <div
              class="flex flex-col gap-2"
            >
              <label
                class="input-label"
                for="input.label.confirm-password"
              >
                input.label.confirm-password
                 
                <span
                  class="text-red-primary"
                >
                  *
                </span>
              </label>
              <div
                class="relative"
              >
                <input
                  class="input  input-md  pr-10 "
                  id="input.label.confirm-password"
                  name="confirmPassword"
                  placeholder="input.placeholder.confirm-password"
                  required=""
                  type="password"
                />
                <div
                  class="absolute-y-center absolute right-[14px] flex items-center gap-2"
                >
                  <svg
                    class="inline-block text-blue-primary"
                    height="20"
                    width="20"
                  />
                </div>
              </div>
            </div>
          </div>
          <div
            class="flex flex-col gap-2"
          >
            <button
              class="btn btn-primary"
              disabled=""
              type="submit"
            >
              button.setting
            </button>
          </div>
        </form>
      </div>
    </div>
    <footer
      class="font-14-bold text-secondary absolute bottom-[7%] left-1/2 z-10 -translate-x-1/2"
    >
      Â© ABC Studio All rights reserved
    </footer>
  </div>
  <div
    style="position: fixed; z-index: 9999; top: 16px; left: 16px; right: 16px; bottom: 16px; pointer-events: none;"
  />
</div>
`;
