// Jest Snapshot v1, https://goo.gl/fbAQLP

exports[`Create Tenant Page match snapshot 1`] = `
<div>
  <form
    class="flex flex-col gap-4"
  >
    <h1
      class="font-20-bold"
    >
      tenant.create.title
    </h1>
    <label>
      <span>
        tenant.create.site-name
      </span>
      <input
        class="input"
        name="siteName"
        placeholder="Please enter the site name"
        type="text"
      />
    </label>
    <button
      class="btn btn-primary"
      disabled=""
      type="submit"
    >
      button.setting
    </button>
  </form>
  <div
    style="position: fixed; z-index: 9999; top: 16px; left: 16px; right: 16px; bottom: 16px; pointer-events: none;"
  />
</div>
`;
